doodoo[0] = [cab, 7]
doodoo[1] = [bad, 6]
doodoo[2] = [cad, 6]
doodoo[3] = [dab, 6]
doodoo[4] = [ba, 4]
doodoo[5] = [ad, 3]
doodoo[6] = [da, 3]
doodoo[7] = [ad, 3]
